  576.5  coupling -26 skirt 2 sustain -15 tilt 0
  475.3  coupling -26 skirt 2 sustain -15 tilt -4
  583.9  coupling -26 skirt 2 sustain -25 tilt 0
  461.2  coupling -26 skirt 2 sustain -25 tilt -4
  567.4  coupling -26 skirt 2 sustain -40 tilt 0
  442.9  coupling -26 skirt 2 sustain -40 tilt -4
 1672.4  coupling -26 skirt 4 sustain -15 tilt 0
 1359.1  coupling -26 skirt 4 sustain -15 tilt -4
 1696.5  coupling -26 skirt 4 sustain -25 tilt 0
 1348.7  coupling -26 skirt 4 sustain -25 tilt -4
 1671.3  coupling -26 skirt 4 sustain -40 tilt 0
 1317.3  coupling -26 skirt 4 sustain -40 tilt -4
 3313.3  coupling -26 skirt 8 sustain -15 tilt 0
 2803.6  coupling -26 skirt 8 sustain -15 tilt -4
 3345.2  coupling -26 skirt 8 sustain -25 tilt 0
 2793.4  coupling -26 skirt 8 sustain -25 tilt -4
 3312.3  coupling -26 skirt 8 sustain -40 tilt 0
 2748.7  coupling -26 skirt 8 sustain -40 tilt -4
  282.6  coupling -30 skirt 2 sustain -15 tilt 0
  266.4  coupling -30 skirt 2 sustain -15 tilt -4
  275.3  coupling -30 skirt 2 sustain -25 tilt 0
  267.8  coupling -30 skirt 2 sustain -25 tilt -4
  260.0  coupling -30 skirt 2 sustain -40 tilt 0
  261.7  coupling -30 skirt 2 sustain -40 tilt -4
 1026.0  coupling -30 skirt 4 sustain -15 tilt 0
  769.6  coupling -30 skirt 4 sustain -15 tilt -4
 1033.3  coupling -30 skirt 4 sustain -25 tilt 0
  769.3  coupling -30 skirt 4 sustain -25 tilt -4
 1004.1  coupling -30 skirt 4 sustain -40 tilt 0
  749.0  coupling -30 skirt 4 sustain -40 tilt -4
 2372.2  coupling -30 skirt 8 sustain -15 tilt 0
 1859.2  coupling -30 skirt 8 sustain -15 tilt -4
 2385.1  coupling -30 skirt 8 sustain -25 tilt 0
 1861.0  coupling -30 skirt 8 sustain -25 tilt -4
 2342.8  coupling -30 skirt 8 sustain -40 tilt 0
 1826.1  coupling -30 skirt 8 sustain -40 tilt -4
  169.9  coupling -34 skirt 2 sustain -15 tilt 0
  258.0  coupling -34 skirt 2 sustain -15 tilt -4
  180.2  coupling -34 skirt 2 sustain -25 tilt 0
  307.0  coupling -34 skirt 2 sustain -25 tilt -4
  178.5  coupling -34 skirt 2 sustain -40 tilt 0
  324.6  coupling -34 skirt 2 sustain -40 tilt -4
  507.9  coupling -34 skirt 4 sustain -15 tilt 0
  392.1  coupling -34 skirt 4 sustain -15 tilt -4
  528.9  coupling -34 skirt 4 sustain -25 tilt 0
  418.1  coupling -34 skirt 4 sustain -25 tilt -4
  513.7  coupling -34 skirt 4 sustain -40 tilt 0
  415.0  coupling -34 skirt 4 sustain -40 tilt -4
 1469.3  coupling -34 skirt 8 sustain -15 tilt 0
 1079.6  coupling -34 skirt 8 sustain -15 tilt -4
 1504.4  coupling -34 skirt 8 sustain -25 tilt 0
 1113.7  coupling -34 skirt 8 sustain -25 tilt -4
 1476.0  coupling -34 skirt 8 sustain -40 tilt 0
 1098.5  coupling -34 skirt 8 sustain -40 tilt -4
  256.8  coupling -38 skirt 2 sustain -15 tilt 0
  410.4  coupling -38 skirt 2 sustain -15 tilt -4
  319.6  coupling -38 skirt 2 sustain -25 tilt 0
  566.9  coupling -38 skirt 2 sustain -25 tilt -4
  339.7  coupling -38 skirt 2 sustain -40 tilt 0
  615.8  coupling -38 skirt 2 sustain -40 tilt -4
  220.6  coupling -38 skirt 4 sustain -15 tilt 0
  253.6  coupling -38 skirt 4 sustain -15 tilt -4
  260.0  coupling -38 skirt 4 sustain -25 tilt 0
  310.3  coupling -38 skirt 4 sustain -25 tilt -4
  264.7  coupling -38 skirt 4 sustain -40 tilt 0
  329.1  coupling -38 skirt 4 sustain -40 tilt -4
  751.0  coupling -38 skirt 8 sustain -15 tilt 0
  542.9  coupling -38 skirt 8 sustain -15 tilt -4
  814.7  coupling -38 skirt 8 sustain -25 tilt 0
  601.6  coupling -38 skirt 8 sustain -25 tilt -4
  809.7  coupling -38 skirt 8 sustain -40 tilt 0
  609.0  coupling -38 skirt 8 sustain -40 tilt -4
BEST (np.float64(169.93728543765664), ['--res-coupling', '-34', '--res-skirt', '2', '--res-sustain', '-15', '--res-tilt', '0'])
   C3 halo bands 60-120..2k-4k  ptq [-37.2 -30.9 -28.8 -34.2 -40.5 -54. ]  model [-38.3 -27.3 -29.1 -34.3 -42.  -57.5]
   C4 halo bands 60-120..2k-4k  ptq [-37.8 -24.  -21.1 -29.  -30.6 -53.7]  model [-35.6 -19.6 -18.2 -23.7 -32.7 -53. ]
   C5 halo bands 60-120..2k-4k  ptq [-37.1 -31.3 -28.2 -25.2 -34.8 -49.5]  model [-44.5 -34.7 -27.  -22.3 -39.3 -53.7]
best: error 169.9
   note  window     halo ptq / model     own-gain ptq / model
   C3   0.15-0.6    -25.6 /  -28.8        -0.0 /   0.1
   C3   0.60-1.5    -27.9 /  -28.6         0.0 /  -0.0
   C3   1.50-3.0    -22.4 /  -19.9        -0.0 /  -0.4
   C4   0.15-0.6    -25.2 /  -26.9         0.3 /   1.1
   C4   0.60-1.5    -20.5 /  -20.3         0.5 /   1.6
   C4   1.50-3.0    -18.2 /  -12.3         9.5 /   5.6
   C5   0.15-0.6    -22.9 /  -28.5        -0.4 /   1.6
   C5   0.60-1.5    -18.3 /  -17.0        -1.1 /  -0.0
   C5   1.50-3.0    -21.8 /  -19.2         2.3 /  -2.7
